// Jest Snapshot v1, https://goo.gl/fbAQLP

exports[`Header renders correctly 1`] = `
<header
  className="border-b border-gray-400 bg-white p-3"
>
  <div
    className="container mx-auto py-4 flex"
  >
    <img
      alt="MyOrgName"
      className="w-20 h-20 mr-2"
      src={null}
    />
    <div>
      <a
        className="text-color-link"
        href="https://github.com"
      >
        <h1
          className="font-bold text-xl"
        >
          MyOrgName
        </h1>
      </a>
      <p>
        Elit laborum fugiat impedit aut quaerat
      </p>
    </div>
  </div>
</header>
`;
